   Compiling wordcartel v0.5.0 (/home/jkeim/projects/groundwords/wordcartel)
warning: unused imports: `begin_selected`, `cancel_batch`, and `has_pending_work`
   --> wordcartel/src/recovery_flow.rs:209:25
    |
209 | pub(crate) use import::{begin_selected, cancel_batch, has_pending_work};
    |                         ^^^^^^^^^^^^^^  ^^^^^^^^^^^^  ^^^^^^^^^^^^^^^^
    |
    = note: `#[warn(unused_imports)]` (part of `#[warn(unused)]`) on by default

warning: `wordcartel` (lib test) generated 1 warning (run `cargo fix --lib -p wordcartel --tests` to apply 1 suggestion)
    Finished `test` profile [unoptimized + debuginfo] target(s) in 9.11s
     Running unittests src/lib.rs (target/debug/deps/wordcartel-fc8b6ab5b1c72272)

running 2 tests
test recovery_regressions::recovery_save_as::recovery_save_as_prefills_distinct_name_for_manual_and_quit_owned_picker ... FAILED
test recovery_regressions::recovery_save_as::recovery_save_as_unknown_origin_has_distinct_name_and_normal_directory_fallback ... FAILED

failures:

---- recovery_regressions::recovery_save_as::recovery_save_as_prefills_distinct_name_for_manual_and_quit_owned_picker stdout ----

thread 'recovery_regressions::recovery_save_as::recovery_save_as_prefills_distinct_name_for_manual_and_quit_owned_picker' (297) panicked at wordcartel/src/recovery_regressions.rs:578:13:
assertion `left == right` failed
  left: ""
 right: "chapter-recovered.md"
note: run with `RUST_BACKTRACE=1` environment variable to display a backtrace

---- recovery_regressions::recovery_save_as::recovery_save_as_unknown_origin_has_distinct_name_and_normal_directory_fallback stdout ----

thread 'recovery_regressions::recovery_save_as::recovery_save_as_unknown_origin_has_distinct_name_and_normal_directory_fallback' (298) panicked at wordcartel/src/recovery_regressions.rs:593:9:
assertion `left == right` failed
  left: ""
 right: "recovered-untitled.md"


failures:
    recovery_regressions::recovery_save_as::recovery_save_as_prefills_distinct_name_for_manual_and_quit_owned_picker
    recovery_regressions::recovery_save_as::recovery_save_as_unknown_origin_has_distinct_name_and_normal_directory_fallback

test result: FAILED. 0 passed; 2 failed; 0 ignored; 0 measured; 2119 filtered out; finished in 0.00s

error: test failed, to rerun pass `-p wordcartel --lib`
