   Compiling wordcartel v0.5.0 (/home/jkeim/projects/groundwords/wordcartel)
warning: field `lease` is never read
  --> wordcartel/src/recovery_discovery.rs:37:5
   |
34 | pub struct PreparedRecovery {
   |            ---------------- field in this struct
...
37 |     lease: Option<Box<dyn RecoveryLease>>,
   |     ^^^^^
   |
   = note: `#[warn(dead_code)]` (part of `#[warn(unused)]`) on by default

warning: method `into_parts` is never used
  --> wordcartel/src/recovery_discovery.rs:41:19
   |
39 | impl PreparedRecovery {
   | --------------------- method in this implementation
40 |     /// Consume this preparation without releasing ownership before handoff.
41 |     pub(crate) fn into_parts(self) -> (Candidate, String, Option<Box<dyn RecoveryLease>>) {
   |                   ^^^^^^^^^^

warning: `wordcartel` (lib) generated 2 warnings
    Finished `test` profile [unoptimized + debuginfo] target(s) in 11.67s
     Running tests/module_budgets.rs (target/debug/deps/module_budgets-96bcd54e7e0fd2c9)

running 5 tests
test plugin_pump_stays_bounded ... ok
test timers_rs_grows_by_rows_not_bulk ... ok
test plugin_host_stays_bounded ... ok
test render_rs_stays_bounded ... ok
test app_rs_stays_a_thin_dispatch_hub ... ok

test result: ok. 5 passed; 0 failed; 0 ignored; 0 measured; 0 filtered out; finished in 0.00s

