   Compiling wordcartel v0.5.0 (/home/jkeim/projects/groundwords/wordcartel)
    Finished `test` profile [unoptimized + debuginfo] target(s) in 4.00s
     Running unittests src/lib.rs (target/debug/deps/wordcartel-fc8b6ab5b1c72272)

running 20 tests
test recovery_flow::progress::tests::recovery_handoff_authorization_wins_and_cannot_be_revoked_after_sync ... ok
test recovery_flow::progress::tests::recovery_handoff_cancel_wins_before_authorization_without_losing_durable_progress ... ok
test recovery_flow::import::tests::tests::recovery_handoff_import_preserves_disk_and_immediately_protects_legacy_body ... ok
test recovery_regressions::handoff_integration::recovery_handoff_cancelled_prepare_failure_does_not_cancel_a_later_quit ... ok
test recovery_regressions::handoff_integration::recovery_handoff_cleanup_failure_keeps_durable_ack_and_both_copies ... ok
test recovery_regressions::handoff_integration::recovery_handoff_quit_preserves_already_dispatched_handoff ... ok
test recovery_regressions::handoff_integration::recovery_handoff_records_predecessor_without_assigning_a_write_target ... ok
test recovery_regressions::handoff_integration::recovery_handoff_stale_prepare_panic_cannot_clear_next_phase ... ok
test recovery_regressions::handoff_integration::recovery_handoff_missing_original_parent_uses_normal_first_save_directory ... ok
test recovery_regressions::handoff_integration::recovery_handoff_first_save_routes_through_occupied_suggestion_confirmation ... ok
test recovery_flow::import::tests::tests::recovery_handoff_quit_rejects_prepared_installation ... ok
test recovery_flow::import::tests::tests::recovery_handoff_cancel_before_worker_retains_source_and_releases_lock ... ok
test recovery_regressions::handoff_integration::recovery_handoff_cleanup_panics_before_and_after_unlink_keep_successor_ack ... ok
test recovery_regressions::handoff_integration::recovery_handoff_timeout_after_worker_authorization_keeps_successor ... ok
test recovery_flow::import::tests::tests::recovery_handoff_v2_source_retires_only_after_successor_and_initial_capture ... ok
test recovery_regressions::handoff_integration::recovery_handoff_failed_first_selection_releases_lease_and_advances_batch ... ok
test recovery_regressions::handoff_integration::recovery_handoff_cancelled_failed_live_copy_can_retry_current_contents ... ok
test recovery_flow::import::tests::tests::recovery_handoff_repeat_retired_v2_focuses_protected_buffer_without_source_io ... ok
test recovery_regressions::handoff_integration::recovery_handoff_rejection_before_and_after_install_releases_source ... ok
test recovery_regressions::handoff_integration::recovery_handoff_checkpoint_fault_matrix_preserves_source_and_terminates ... ok

test result: ok. 20 passed; 0 failed; 0 ignored; 0 measured; 2152 filtered out; finished in 0.01s

