   Compiling wordcartel v0.5.0 (/home/jkeim/projects/groundwords/wordcartel)
warning: unused import: `PrepareOutcome`
 --> wordcartel/src/recovery_flow/import.rs:2:44
  |
2 | use crate::recovery_discovery::{Candidate, PrepareOutcome, PreparedRecovery};
  |                                            ^^^^^^^^^^^^^^
  |
  = note: `#[warn(unused_imports)]` (part of `#[warn(unused)]`) on by default

warning: unused imports: `begin_selected`, `cancel_batch`, and `has_pending_work`
   --> wordcartel/src/recovery_flow.rs:209:25
    |
209 | pub(crate) use import::{begin_selected, cancel_batch, has_pending_work};
    |                         ^^^^^^^^^^^^^^  ^^^^^^^^^^^^  ^^^^^^^^^^^^^^^^

warning: fields `recovery_source` and `recovery_save_dir` are never read
   --> wordcartel/src/editor.rs:223:16
    |
203 | pub struct Buffer {
    |            ------ fields in this struct
...
223 |     pub(crate) recovery_source: Option<crate::recovery_discovery::SelectionToken>,
    |                ^^^^^^^^^^^^^^^
224 |     pub(crate) recovery_save_dir: Option<PathBuf>,
    |                ^^^^^^^^^^^^^^^^^
    |
    = note: `Buffer` has derived impls for the traits `Clone` and `Debug`, but these are intentionally ignored during dead code analysis
    = note: `#[warn(dead_code)]` (part of `#[warn(unused)]`) on by default

warning: field `ready` is never read
 --> wordcartel/src/recovery_flow/import.rs:9:5
  |
6 | pub(super) struct Imports {
  |                   ------- field in this struct
...
9 |     ready: VecDeque<(RecoveryRequestId, PreparedRecovery, Option<PathBuf>)>,
  |     ^^^^^

warning: field `started` is never read
  --> wordcartel/src/recovery_flow/import.rs:14:108
   |
14 | struct ImportRequest { buffer: Option<(BufferId, RecoverySlot)>, progress: Arc<Progress>, cancelled: bool, started: u64 }
   |        ------------- field in this struct                                                                  ^^^^^^^

warning: function `has_pending_work` is never used
  --> wordcartel/src/recovery_flow/import.rs:22:15
   |
22 | pub(crate) fn has_pending_work(editor: &Editor) -> bool { !editor.recovery.imports.requests.is_empty() }
   |               ^^^^^^^^^^^^^^^^

warning: field `durable` is never read
 --> wordcartel/src/recovery_flow/progress.rs:3:47
  |
3 | pub(super) struct Progress { state: AtomicU8, durable: AtomicBool }
  |                   --------                    ^^^^^^^
  |                   |
  |                   field in this struct
  |
  = note: `Progress` has a derived impl for the trait `Debug`, but this is intentionally ignored during dead code analysis

warning: methods `authorize`, `protected`, and `finish` are never used
  --> wordcartel/src/recovery_flow/progress.rs:6:12
   |
 4 | impl Progress {
   | ------------- methods in this implementation
 5 |     pub fn cancel(&self) -> bool { self.state.compare_exchange(0, 1, Ordering::AcqRel, Ordering::Acquire).is_ok() }
 6 |     pub fn authorize(&self) -> bool {
   |            ^^^^^^^^^
...
10 |     pub fn protected(&self) -> bool { self.durable.load(Ordering::Acquire) }
   |            ^^^^^^^^^
11 |     pub fn finish(&self) { self.state.store(3, Ordering::Release); }
   |            ^^^^^^

warning: `wordcartel` (lib test) generated 8 warnings (run `cargo fix --lib -p wordcartel --tests` to apply 2 suggestions)
    Finished `test` profile [unoptimized + debuginfo] target(s) in 16.10s
     Running unittests src/lib.rs (target/debug/deps/wordcartel-fc8b6ab5b1c72272)

running 1 test
test recovery_flow::import::tests::recovery_handoff_import_preserves_disk_and_immediately_protects_legacy_body ... FAILED

failures:

---- recovery_flow::import::tests::recovery_handoff_import_preserves_disk_and_immediately_protects_legacy_body stdout ----

thread 'recovery_flow::import::tests::recovery_handoff_import_preserves_disk_and_immediately_protects_legacy_body' (300) panicked at wordcartel/src/recovery_flow/import/tests.rs:19:5:
assertion `left != right` failed
  left: BufferId(0)
 right: BufferId(0)
note: run with `RUST_BACKTRACE=1` environment variable to display a backtrace


failures:
    recovery_flow::import::tests::recovery_handoff_import_preserves_disk_and_immediately_protects_legacy_body

test result: FAILED. 0 passed; 1 failed; 0 ignored; 0 measured; 2113 filtered out; finished in 0.00s

error: test failed, to rerun pass `-p wordcartel --lib`
