   Compiling wordcartel v0.5.0 (/home/jkeim/projects/groundwords/wordcartel)
    Finished `test` profile [unoptimized + debuginfo] target(s) in 10.14s
     Running tests/fs_chokepoint.rs (target/debug/deps/fs_chokepoint-7f0dc52dd83dc8af)

running 10 tests
test a_per_hit_marker_exempts_only_its_own_line ... ok
test layer_four_detects_a_wrapper_call_that_layers_one_to_three_are_blind_to ... ok
test layer_four_wrapper_derivation_excludes_an_arc_composition_root ... ok
test a_marker_without_a_clause_is_not_an_exemption ... ok
test layer_four_markers_must_carry_a_reason ... ok
test scanner_ignores_ordinary_code_and_test_modules ... ok
test scanner_detects_every_evasion_route ... ok
test scanner_sees_production_code_below_an_early_cfg_test_attribute ... ok
test production_sources_route_filesystem_access_through_the_seam ... ok
test production_call_sites_do_not_bypass_the_seam_through_a_realfs_wrapper ... ok

test result: ok. 10 passed; 0 failed; 0 ignored; 0 measured; 0 filtered out; finished in 0.12s

     Running tests/module_budgets.rs (target/debug/deps/module_budgets-96bcd54e7e0fd2c9)

running 5 tests
test plugin_pump_stays_bounded ... ok
test timers_rs_grows_by_rows_not_bulk ... ok
test plugin_host_stays_bounded ... ok
test render_rs_stays_bounded ... ok
test app_rs_stays_a_thin_dispatch_hub ... ok

test result: ok. 5 passed; 0 failed; 0 ignored; 0 measured; 0 filtered out; finished in 0.00s

