   Compiling wordcartel v0.5.0 (/home/jkeim/projects/groundwords/wordcartel)
warning: method `set_root` is never used
  --> wordcartel/src/recovery_flow.rs:33:19
   |
31 | impl RecoveryState {
   | ------------------ method in this implementation
32 |     /// Explicit shared roots are for integration tests; default constructors perform no IO.
33 |     pub(crate) fn set_root(&mut self, root: PathBuf) { self.root = Some(root); }
   |                   ^^^^^^^^
   |
   = note: `#[warn(dead_code)]` (part of `#[warn(unused)]`) on by default

warning: function `association_changed` is never used
  --> wordcartel/src/recovery_flow.rs:63:15
   |
63 | pub(crate) fn association_changed(editor: &mut Editor, id: BufferId) {
   |               ^^^^^^^^^^^^^^^^^^^

warning: function `dispatch_checkpoint` is never used
  --> wordcartel/src/recovery_flow.rs:88:15
   |
88 | pub(crate) fn dispatch_checkpoint(ctx: &mut Ctx, id: BufferId) -> DispatchOutcome {
   |               ^^^^^^^^^^^^^^^^^^^

warning: `wordcartel` (lib test) generated 3 warnings
    Finished `test` profile [unoptimized + debuginfo] target(s) in 6.56s
     Running unittests src/lib.rs (target/debug/deps/wordcartel-fc8b6ab5b1c72272)

running 2 tests
test recovery_store::cleanup::cleanup_tests::tests::successful_save_receipt_removes_only_owned_checkpoint ... FAILED
test recovery_store::cleanup::cleanup_tests::tests::failed_target_sync_retains_recovery_after_successful_save ... FAILED

failures:

---- recovery_store::cleanup::cleanup_tests::tests::successful_save_receipt_removes_only_owned_checkpoint stdout ----

thread 'recovery_store::cleanup::cleanup_tests::tests::successful_save_receipt_removes_only_owned_checkpoint' (297) panicked at wordcartel/src/recovery_store/cleanup_tests.rs:26:9:
assertion `left == right` failed
  left: NoCheckpoint
 right: Cleaned
note: run with `RUST_BACKTRACE=1` environment variable to display a backtrace

---- recovery_store::cleanup::cleanup_tests::tests::failed_target_sync_retains_recovery_after_successful_save stdout ----

thread 'recovery_store::cleanup::cleanup_tests::tests::failed_target_sync_retains_recovery_after_successful_save' (296) panicked at wordcartel/src/recovery_store/cleanup_tests.rs:39:9:
assertion failed: matches!(outcome, CleanupOutcome::Retained(_))


failures:
    recovery_store::cleanup::cleanup_tests::tests::failed_target_sync_retains_recovery_after_successful_save
    recovery_store::cleanup::cleanup_tests::tests::successful_save_receipt_removes_only_owned_checkpoint

test result: FAILED. 0 passed; 2 failed; 0 ignored; 0 measured; 2089 filtered out; finished in 0.01s

error: test failed, to rerun pass `-p wordcartel --lib`
