Command: cargo test -p wordcartel --lib review_probes -- --test-threads=1
Source SHA256: 2410705d928de48fe5c562121c8a24698502ab40e939a00bf11662b27987084a
   Compiling wordcartel v0.5.0 (/home/jkeim/projects/groundwords/wordcartel)
    Finished `test` profile [unoptimized + debuginfo] target(s) in 4.83s
     Running unittests src/lib.rs (target/debug/deps/wordcartel-801988c60b196269)

running 14 tests
test swap::review_probes::failed_checkpoint_immediately_rearms ... ok
test swap::review_probes::header_makes_max_size_valid_document_unrecoverable ... ok
test swap::review_probes::inactive_dirty_buffer_has_no_checkpoint_deadline ... ok
test swap::review_probes::modal_discards_due_swap_ticks_and_leaves_immediate_wakeup ... FAILED
test swap::review_probes::named_buffers_share_checkpoint_and_saving_one_removes_the_other ... ok
test swap::review_probes::normal_save_queued_after_save_as_marks_wrong_path_clean ... ok
test swap::review_probes::opening_during_session_skips_recovery_and_save_deletes_carrier ... ok
test swap::review_probes::palette_edit_has_no_checkpoint_until_an_unrelated_normal_edit ... ok
test swap::review_probes::queued_save_overwrites_external_edit_after_foreground_check ... ok
test swap::review_probes::recovering_unnamed_work_deletes_carrier_without_arming_checkpoint ... ok
test swap::review_probes::save_as_of_one_unnamed_buffer_deletes_anothers_checkpoint ... ok
test swap::review_probes::save_failure_matrix_preserves_dirty_state_and_original_before_rename ... ok
test swap::review_probes::uninterrupted_typing_never_creates_first_checkpoint ... ok
test swap::review_probes::untitled_checkpoints_collide ... ok

failures:

---- swap::review_probes::modal_discards_due_swap_ticks_and_leaves_immediate_wakeup stdout ----

thread 'swap::review_probes::modal_discards_due_swap_ticks_and_leaves_immediate_wakeup' (300) panicked at wordcartel/src/swap.rs:1655:13:
assertion `left == right` failed
  left: Some(150)
 right: Some(3000)
note: run with `RUST_BACKTRACE=1` environment variable to display a backtrace


failures:
    swap::review_probes::modal_discards_due_swap_ticks_and_leaves_immediate_wakeup

test result: FAILED. 13 passed; 1 failed; 0 ignored; 0 measured; 2006 filtered out; finished in 0.44s

error: test failed, to rerun pass `-p wordcartel --lib`
